// Jest Snapshot v1, https://goo.gl/fbAQLP

exports[`ResponseRate.vue matches snapshot 1`] = `undefined`;
